------------------------------------------------------------
TimeQuest Timing Analyzer Summary
------------------------------------------------------------

Type  : Slow 1200mV 85C Model Setup 'clk'
Slack : -2.309
TNS   : -53.704

Type  : Slow 1200mV 85C Model Setup 'tick_generator:tg1|ticks[0]'
Slack : -1.876
TNS   : -67.684

Type  : Slow 1200mV 85C Model Hold 'clk'
Slack : 0.345
TNS   : 0.000

Type  : Slow 1200mV 85C Model Hold 'tick_generator:tg1|ticks[0]'
Slack : 0.355
TNS   : 0.000

Type  : Slow 1200mV 85C Model Minimum Pulse Width 'clk'
Slack : -3.000
TNS   : -37.000

Type  : Slow 1200mV 85C Model Minimum Pulse Width 'tick_generator:tg1|ticks[0]'
Slack : -1.000
TNS   : -61.000

Type  : Slow 1200mV 0C Model Setup 'clk'
Slack : -1.988
TNS   : -44.050

Type  : Slow 1200mV 0C Model Setup 'tick_generator:tg1|ticks[0]'
Slack : -1.561
TNS   : -54.697

Type  : Slow 1200mV 0C Model Hold 'clk'
Slack : 0.305
TNS   : 0.000

Type  : Slow 1200mV 0C Model Hold 'tick_generator:tg1|ticks[0]'
Slack : 0.310
TNS   : 0.000

Type  : Slow 1200mV 0C Model Minimum Pulse Width 'clk'
Slack : -3.000
TNS   : -37.000

Type  : Slow 1200mV 0C Model Minimum Pulse Width 'tick_generator:tg1|ticks[0]'
Slack : -1.000
TNS   : -61.000

Type  : Fast 1200mV 0C Model Setup 'clk'
Slack : -0.856
TNS   : -16.359

Type  : Fast 1200mV 0C Model Setup 'tick_generator:tg1|ticks[0]'
Slack : -0.596
TNS   : -14.673

Type  : Fast 1200mV 0C Model Hold 'tick_generator:tg1|ticks[0]'
Slack : 0.185
TNS   : 0.000

Type  : Fast 1200mV 0C Model Hold 'clk'
Slack : 0.186
TNS   : 0.000

Type  : Fast 1200mV 0C Model Minimum Pulse Width 'clk'
Slack : -3.000
TNS   : -38.108

Type  : Fast 1200mV 0C Model Minimum Pulse Width 'tick_generator:tg1|ticks[0]'
Slack : -1.000
TNS   : -61.000

------------------------------------------------------------
